<html>
<body>
<pre>
<h1>µVision Build Log</h1>
<h2>Tool Versions:</h2>
IDE-Version: ÂµVision V5.38.0.0
Copyright (C) 2022 ARM Ltd and ARM Germany GmbH. All rights reserved.
License Information: Murat Baþar Kömürcü, Istanbul Technical University, LIC=----
 
Tool Versions:
Toolchain:       MDK-Lite  Version: 5.38.0.0
Toolchain Path:  C:\Keil_v5\ARM\ARMCLANG\Bin
C Compiler:      ArmClang.exe V6.19
Assembler:       Armasm.exe V6.19
Linker/Locator:  ArmLink.exe V6.19
Library Manager: ArmAr.exe V6.19
Hex Converter:   FromElf.exe V6.19
CPU DLL:         SARMCM3.DLL V5.38.0.0
Dialog DLL:      DARMCM1.DLL V1.19.6.0
Target DLL:      UL2CM3.DLL V1.164.8.0
Dialog DLL:      TARMCM1.DLL V1.14.6.0
 
<h2>Project:</h2>
C:\Users\User\Desktop\ders\microp_Ã¶dev\PROJECT_SON\lcd.uvprojx
Project File Date:  05/26/2023

<h2>Output:</h2>
*** Using Compiler 'V6.19', folder: 'C:\Keil_v5\ARM\ARMCLANG\Bin'
Build target 'Target 1'
compiling human_image.c...
linking...
.\Objects\lcd.sct(8): warning: L6314W: No section matches pattern *(InRoot$$Sections).
Program Size: Code=888 RO-data=7068 RW-data=60 ZI-data=1028  
Finished: 0 information, 1 warning and 0 error messages.
".\Objects\lcd.axf" - 0 Error(s), 1 Warning(s).

<h2>Software Packages used:</h2>

Package Vendor: ARM
                http://www.keil.com/pack/ARM.CMSIS.5.9.0.pack
                ARM.CMSIS.5.9.0
                CMSIS (Common Microcontroller Software Interface Standard)

<h2>Collection of Component include folders:</h2>
  C:/Users/User/AppData/Local/Arm/Packs/ARM/CMSIS/5.9.0/Device/ARM/ARMCM0/Include

<h2>Collection of Component Files used:</h2>
Build Time Elapsed:  00:00:01
</pre>
</body>
</html>
