<!doctype html public "-//w3c//dtd html 4.0 transitional//en">
<html><head>
<title>Static Call Graph - [.\Objects\lcd.axf]</title></head>
<body><HR>
<H1>Static Call Graph for image .\Objects\lcd.axf</H1><HR>
<BR><P>#&#060CALLGRAPH&#062# ARM Linker, 6190004: Last Updated: Sat May 27 11:39:14 2023
<BR><P>
<H3>Maximum Stack Usage =          0 bytes + Unknown(Untraceable Function Pointers)</H3><H3>
Call chain for Maximum Stack Depth:</H3>

<P>
<H3>
Function Pointers
</H3><UL>
 <LI><a href="#[1]">Button_Handler</a> from main.o(button) referenced from main.o(RESET)
 <LI><a href="#[0]">Reset_Handler</a> from main.o(RSTHNDLR) referenced from main.o(RESET)
 <LI><a href="#[2]">__main</a> from main.o(main) referenced from main.o(RSTHNDLR)
</UL>
<P>
<H3>
Global Symbols
</H3>
<P><STRONG><a name="[d]"></a>absolute_value</STRONG> (Thumb, 12 bytes, Stack size 0 bytes, main.o(ABSOLUTE_VALUE))
<BR><BR>[Called By]<UL><LI><a href="#[3]">&gt;&gt;</a>&nbsp;&nbsp;&nbsp;create_game
</UL>

<P><STRONG><a name="[10]"></a>check_collision</STRONG> (Thumb, 20 bytes, Stack size 0 bytes, main.o(CHECK_COLLISION))
<BR><BR>[Called By]<UL><LI><a href="#[3]">&gt;&gt;</a>&nbsp;&nbsp;&nbsp;create_game
</UL>

<P><STRONG><a name="[6]"></a>check_win</STRONG> (Thumb, 16 bytes, Stack size 0 bytes, main.o(CHECK_WIN))
<BR><BR>[Called By]<UL><LI><a href="#[3]">&gt;&gt;</a>&nbsp;&nbsp;&nbsp;create_game
</UL>

<P><STRONG><a name="[4]"></a>clear_lcd</STRONG> (Thumb, 10 bytes, Stack size 0 bytes, main.o(CLEAR_LCD))
<BR><BR>[Called By]<UL><LI><a href="#[3]">&gt;&gt;</a>&nbsp;&nbsp;&nbsp;create_game
</UL>

<P><STRONG><a name="[3]"></a>create_game</STRONG> (Thumb, 192 bytes, Stack size 0 bytes, main.o(CREATE_GAME))
<BR><BR>[Calls]<UL><LI><a href="#[9]">&gt;&gt;</a>&nbsp;&nbsp;&nbsp;screencheck
<LI><a href="#[11]">&gt;&gt;</a>&nbsp;&nbsp;&nbsp;reset_position
<LI><a href="#[12]">&gt;&gt;</a>&nbsp;&nbsp;&nbsp;refresh_lcd
<LI><a href="#[a]">&gt;&gt;</a>&nbsp;&nbsp;&nbsp;moveobject_x
<LI><a href="#[8]">&gt;&gt;</a>&nbsp;&nbsp;&nbsp;getrightcorner
<LI><a href="#[c]">&gt;&gt;</a>&nbsp;&nbsp;&nbsp;gethumanmidpoint_y
<LI><a href="#[f]">&gt;&gt;</a>&nbsp;&nbsp;&nbsp;gethumanmidpoint_x
<LI><a href="#[b]">&gt;&gt;</a>&nbsp;&nbsp;&nbsp;getbrickmidpoint_y
<LI><a href="#[e]">&gt;&gt;</a>&nbsp;&nbsp;&nbsp;getbrickmidpoint_x
<LI><a href="#[5]">&gt;&gt;</a>&nbsp;&nbsp;&nbsp;drawhuman
<LI><a href="#[7]">&gt;&gt;</a>&nbsp;&nbsp;&nbsp;drawbrick
<LI><a href="#[4]">&gt;&gt;</a>&nbsp;&nbsp;&nbsp;clear_lcd
<LI><a href="#[6]">&gt;&gt;</a>&nbsp;&nbsp;&nbsp;check_win
<LI><a href="#[10]">&gt;&gt;</a>&nbsp;&nbsp;&nbsp;check_collision
<LI><a href="#[d]">&gt;&gt;</a>&nbsp;&nbsp;&nbsp;absolute_value
</UL>
<BR>[Called By]<UL><LI><a href="#[2]">&gt;&gt;</a>&nbsp;&nbsp;&nbsp;__main
</UL>

<P><STRONG><a name="[7]"></a>drawbrick</STRONG> (Thumb, 70 bytes, Stack size 0 bytes, main.o(DRAWBRICK))
<BR><BR>[Called By]<UL><LI><a href="#[3]">&gt;&gt;</a>&nbsp;&nbsp;&nbsp;create_game
</UL>

<P><STRONG><a name="[5]"></a>drawhuman</STRONG> (Thumb, 70 bytes, Stack size 0 bytes, main.o(DRAWHUMAN))
<BR><BR>[Called By]<UL><LI><a href="#[3]">&gt;&gt;</a>&nbsp;&nbsp;&nbsp;create_game
</UL>

<P><STRONG><a name="[e]"></a>getbrickmidpoint_x</STRONG> (Thumb, 16 bytes, Stack size 0 bytes, main.o(GETBRICKMIDPOINT_X))
<BR><BR>[Called By]<UL><LI><a href="#[3]">&gt;&gt;</a>&nbsp;&nbsp;&nbsp;create_game
</UL>

<P><STRONG><a name="[b]"></a>getbrickmidpoint_y</STRONG> (Thumb, 16 bytes, Stack size 0 bytes, main.o(GETBRICKMIDPOINT_Y))
<BR><BR>[Called By]<UL><LI><a href="#[3]">&gt;&gt;</a>&nbsp;&nbsp;&nbsp;create_game
</UL>

<P><STRONG><a name="[f]"></a>gethumanmidpoint_x</STRONG> (Thumb, 16 bytes, Stack size 0 bytes, main.o(GETHUMANMIDPOINT_X))
<BR><BR>[Called By]<UL><LI><a href="#[3]">&gt;&gt;</a>&nbsp;&nbsp;&nbsp;create_game
</UL>

<P><STRONG><a name="[c]"></a>gethumanmidpoint_y</STRONG> (Thumb, 16 bytes, Stack size 0 bytes, main.o(GETHUMANMIDPOINT_Y))
<BR><BR>[Called By]<UL><LI><a href="#[3]">&gt;&gt;</a>&nbsp;&nbsp;&nbsp;create_game
</UL>

<P><STRONG><a name="[8]"></a>getrightcorner</STRONG> (Thumb, 14 bytes, Stack size 0 bytes, main.o(GETRIGHTCORNER))
<BR><BR>[Called By]<UL><LI><a href="#[3]">&gt;&gt;</a>&nbsp;&nbsp;&nbsp;create_game
</UL>

<P><STRONG><a name="[a]"></a>moveobject_x</STRONG> (Thumb, 8 bytes, Stack size 0 bytes, main.o(MOVEOBJECT_X))
<BR><BR>[Called By]<UL><LI><a href="#[1]">&gt;&gt;</a>&nbsp;&nbsp;&nbsp;Button_Handler
<LI><a href="#[3]">&gt;&gt;</a>&nbsp;&nbsp;&nbsp;create_game
</UL>

<P><STRONG><a name="[13]"></a>moveobject_y</STRONG> (Thumb, 8 bytes, Stack size 0 bytes, main.o(MOVEOBJECT_Y))
<BR><BR>[Called By]<UL><LI><a href="#[1]">&gt;&gt;</a>&nbsp;&nbsp;&nbsp;Button_Handler
</UL>

<P><STRONG><a name="[12]"></a>refresh_lcd</STRONG> (Thumb, 8 bytes, Stack size 0 bytes, main.o(REFRESH_LCD))
<BR><BR>[Called By]<UL><LI><a href="#[3]">&gt;&gt;</a>&nbsp;&nbsp;&nbsp;create_game
</UL>

<P><STRONG><a name="[11]"></a>reset_position</STRONG> (Thumb, 64 bytes, Stack size 0 bytes, main.o(RESET_POSITION))
<BR><BR>[Called By]<UL><LI><a href="#[3]">&gt;&gt;</a>&nbsp;&nbsp;&nbsp;create_game
</UL>

<P><STRONG><a name="[0]"></a>Reset_Handler</STRONG> (Thumb, 12 bytes, Stack size 0 bytes, main.o(RSTHNDLR))
<BR>[Address Reference Count : 1]<UL><LI> main.o(RESET)
</UL>
<P><STRONG><a name="[9]"></a>screencheck</STRONG> (Thumb, 14 bytes, Stack size 0 bytes, main.o(SCREENCHECK))
<BR><BR>[Called By]<UL><LI><a href="#[3]">&gt;&gt;</a>&nbsp;&nbsp;&nbsp;create_game
</UL>

<P><STRONG><a name="[1]"></a>Button_Handler</STRONG> (Thumb, 34 bytes, Stack size 0 bytes, main.o(button))
<BR><BR>[Calls]<UL><LI><a href="#[13]">&gt;&gt;</a>&nbsp;&nbsp;&nbsp;moveobject_y
<LI><a href="#[a]">&gt;&gt;</a>&nbsp;&nbsp;&nbsp;moveobject_x
</UL>
<BR>[Address Reference Count : 1]<UL><LI> main.o(RESET)
</UL>
<P><STRONG><a name="[2]"></a>__main</STRONG> (Thumb, 60 bytes, Stack size 0 bytes, main.o(main))
<BR><BR>[Calls]<UL><LI><a href="#[3]">&gt;&gt;</a>&nbsp;&nbsp;&nbsp;create_game
</UL>
<BR>[Address Reference Count : 1]<UL><LI> main.o(RSTHNDLR)
</UL><P>
<H3>
Local Symbols
</H3><P>
<H3>
Undefined Global Symbols
</H3><HR></body></html>
