Component: Arm Compiler for Embedded 6.19 Tool: armlink [5e73cb00]

==============================================================================

Section Cross References

    main.o(RESET) refers to main.o(STACK) for __initial_sp
    main.o(RESET) refers to main.o(RSTHNDLR) for Reset_Handler
    main.o(RESET) refers to main.o(button) for Button_Handler
    main.o(RSTHNDLR) refers to main.o(main) for __main
    main.o(button) refers to main.o(MOVEOBJECT_Y) for moveobject_y
    main.o(button) refers to main.o(MOVEOBJECT_X) for moveobject_x
    main.o(button) refers to main.o(GAMEDATA) for human_row
    main.o(main) refers to main.o(CREATE_GAME) for create_game
    main.o(main) refers to main.o(GAMEDATA) for brick1_row
    main.o(CREATE_GAME) refers to main.o(CLEAR_LCD) for clear_lcd
    main.o(CREATE_GAME) refers to main.o(DRAWHUMAN) for drawhuman
    main.o(CREATE_GAME) refers to main.o(CHECK_WIN) for check_win
    main.o(CREATE_GAME) refers to main.o(DRAWBRICK) for drawbrick
    main.o(CREATE_GAME) refers to main.o(GETRIGHTCORNER) for getrightcorner
    main.o(CREATE_GAME) refers to main.o(SCREENCHECK) for screencheck
    main.o(CREATE_GAME) refers to main.o(MOVEOBJECT_X) for moveobject_x
    main.o(CREATE_GAME) refers to main.o(GETBRICKMIDPOINT_Y) for getbrickmidpoint_y
    main.o(CREATE_GAME) refers to main.o(GETHUMANMIDPOINT_Y) for gethumanmidpoint_y
    main.o(CREATE_GAME) refers to main.o(ABSOLUTE_VALUE) for absolute_value
    main.o(CREATE_GAME) refers to main.o(GETBRICKMIDPOINT_X) for getbrickmidpoint_x
    main.o(CREATE_GAME) refers to main.o(GETHUMANMIDPOINT_X) for gethumanmidpoint_x
    main.o(CREATE_GAME) refers to main.o(CHECK_COLLISION) for check_collision
    main.o(CREATE_GAME) refers to main.o(RESET_POSITION) for reset_position
    main.o(CREATE_GAME) refers to main.o(REFRESH_LCD) for refresh_lcd
    main.o(CREATE_GAME) refers to main.o(GAMEDATA) for speed
    main.o(CREATE_GAME) refers to human_image.o(.rodata.human) for human
    main.o(CREATE_GAME) refers to brick_image.o(.rodata.brick) for brick


==============================================================================

Removing Unused input sections from the image.

    Removing brick_image.o(.text), (0 bytes).
    Removing human_image.o(.text), (0 bytes).

2 unused section(s) (total 0 bytes) removed from the image.

==============================================================================

Image Symbol Table

    Local Symbols

    Symbol Name                              Value     Ov Type        Size  Object(Section)

    brick_image.c                            0x00000000   Number         0  brick_image.o ABSOLUTE
    human_image.c                            0x00000000   Number         0  human_image.o ABSOLUTE
    main.s                                   0x00000000   Number         0  main.o ABSOLUTE
    RESET                                    0x00000000   Section       68  main.o(RESET)
    ABSOLUTE_VALUE                           0x00000044   Section       12  main.o(ABSOLUTE_VALUE)
    CHECK_COLLISION                          0x00000050   Section       20  main.o(CHECK_COLLISION)
    CHECK_WIN                                0x00000064   Section       16  main.o(CHECK_WIN)
    CLEAR_LCD                                0x00000074   Section       16  main.o(CLEAR_LCD)
    CREATE_GAME                              0x00000084   Section      216  main.o(CREATE_GAME)
    DRAWBRICK                                0x0000015c   Section       76  main.o(DRAWBRICK)
    DRAWHUMAN                                0x000001a8   Section       76  main.o(DRAWHUMAN)
    GETBRICKMIDPOINT_X                       0x000001f4   Section       16  main.o(GETBRICKMIDPOINT_X)
    GETBRICKMIDPOINT_Y                       0x00000204   Section       16  main.o(GETBRICKMIDPOINT_Y)
    GETHUMANMIDPOINT_X                       0x00000214   Section       16  main.o(GETHUMANMIDPOINT_X)
    GETHUMANMIDPOINT_Y                       0x00000224   Section       16  main.o(GETHUMANMIDPOINT_Y)
    GETRIGHTCORNER                           0x00000234   Section       14  main.o(GETRIGHTCORNER)
    MOVEOBJECT_X                             0x00000244   Section        8  main.o(MOVEOBJECT_X)
    MOVEOBJECT_Y                             0x0000024c   Section        8  main.o(MOVEOBJECT_Y)
    REFRESH_LCD                              0x00000254   Section       12  main.o(REFRESH_LCD)
    RESET_POSITION                           0x00000260   Section       64  main.o(RESET_POSITION)
    RSTHNDLR                                 0x000002a0   Section       20  main.o(RSTHNDLR)
    SCREENCHECK                              0x000002b4   Section       20  main.o(SCREENCHECK)
    button                                   0x000002c8   Section      124  main.o(button)
    main                                     0x00000344   Section      120  main.o(main)
    array_pointer                            0x20000000   Data           0  main.o(GAMEDATA)
    brick1_row                               0x20000000   Data           4  main.o(GAMEDATA)
    GAMEDATA                                 0x20000000   Section       60  main.o(GAMEDATA)
    brick1_column                            0x20000004   Data           4  main.o(GAMEDATA)
    brick2_row                               0x20000008   Data           4  main.o(GAMEDATA)
    brick2_column                            0x2000000c   Data           4  main.o(GAMEDATA)
    brick3_row                               0x20000010   Data           4  main.o(GAMEDATA)
    brick3_column                            0x20000014   Data           4  main.o(GAMEDATA)
    human_row                                0x20000030   Data           4  main.o(GAMEDATA)
    human_column                             0x20000034   Data           4  main.o(GAMEDATA)
    speed                                    0x20000038   Data           4  main.o(GAMEDATA)
    STACK                                    0x20000040   Section     1024  main.o(STACK)
    __initial_sp                             0x20000440   Data           0  main.o(STACK)

    Global Symbols

    Symbol Name                              Value     Ov Type        Size  Object(Section)

    BuildAttributes$$THM_ISAv3M$S$PE$A:L22$X:L11$S22$IEEE1$IW$~IW$USESV6$~STKCKD$USESV7$~SHL$OSPACE$EBA8$STANDARDLIB$REQ8$EABIv2 0x00000000   Number         0  anon$$obj.o ABSOLUTE
    __Vectors                                0x00000000   Data           4  main.o(RESET)
    __Vectors_End                            0x00000044   Data           0  main.o(RESET)
    absolute_value                           0x00000045   Thumb Code    12  main.o(ABSOLUTE_VALUE)
    check_collision                          0x00000051   Thumb Code    20  main.o(CHECK_COLLISION)
    check_win                                0x00000065   Thumb Code    16  main.o(CHECK_WIN)
    clear_lcd                                0x00000075   Thumb Code    10  main.o(CLEAR_LCD)
    create_game                              0x00000085   Thumb Code   192  main.o(CREATE_GAME)
    drawbrick                                0x0000015d   Thumb Code    70  main.o(DRAWBRICK)
    drawhuman                                0x000001a9   Thumb Code    70  main.o(DRAWHUMAN)
    getbrickmidpoint_x                       0x000001f5   Thumb Code    16  main.o(GETBRICKMIDPOINT_X)
    getbrickmidpoint_y                       0x00000205   Thumb Code    16  main.o(GETBRICKMIDPOINT_Y)
    gethumanmidpoint_x                       0x00000215   Thumb Code    16  main.o(GETHUMANMIDPOINT_X)
    gethumanmidpoint_y                       0x00000225   Thumb Code    16  main.o(GETHUMANMIDPOINT_Y)
    getrightcorner                           0x00000235   Thumb Code    14  main.o(GETRIGHTCORNER)
    moveobject_x                             0x00000245   Thumb Code     8  main.o(MOVEOBJECT_X)
    moveobject_y                             0x0000024d   Thumb Code     8  main.o(MOVEOBJECT_Y)
    refresh_lcd                              0x00000255   Thumb Code     8  main.o(REFRESH_LCD)
    reset_position                           0x00000261   Thumb Code    64  main.o(RESET_POSITION)
    Reset_Handler                            0x000002a1   Thumb Code    12  main.o(RSTHNDLR)
    screencheck                              0x000002b5   Thumb Code    14  main.o(SCREENCHECK)
    Button_Handler                           0x000002c9   Thumb Code    34  main.o(button)
    __main                                   0x00000345   Thumb Code    60  main.o(main)
    brick                                    0x000003bc   Data        3000  brick_image.o(.rodata.brick)
    human                                    0x00000f74   Data        4000  human_image.o(.rodata.human)



==============================================================================

Memory Map of the image

  Image Entry point : 0x00000345

  Load Region LR_IROM1 (Base: 0x00000000, Size: 0x00001f58, Max: 0x00040000, ABSOLUTE)

    Execution Region ER_IROM1 (Exec base: 0x00000000, Load base: 0x00000000, Size: 0x00001f14, Max: 0x00040000, ABSOLUTE)

    Exec Addr    Load Addr    Size         Type   Attr      Idx    E Section Name        Object

    0x00000000   0x00000000   0x00000044   Data   RO            2    RESET               main.o
    0x00000044   0x00000044   0x0000000c   Code   RO           19    ABSOLUTE_VALUE      main.o
    0x00000050   0x00000050   0x00000014   Code   RO           20    CHECK_COLLISION     main.o
    0x00000064   0x00000064   0x00000010   Code   RO           21    CHECK_WIN           main.o
    0x00000074   0x00000074   0x00000010   Code   RO           23    CLEAR_LCD           main.o
    0x00000084   0x00000084   0x000000d8   Code   RO            7    CREATE_GAME         main.o
    0x0000015c   0x0000015c   0x0000004c   Code   RO           10    DRAWBRICK           main.o
    0x000001a8   0x000001a8   0x0000004c   Code   RO           11    DRAWHUMAN           main.o
    0x000001f4   0x000001f4   0x00000010   Code   RO           17    GETBRICKMIDPOINT_X  main.o
    0x00000204   0x00000204   0x00000010   Code   RO           15    GETBRICKMIDPOINT_Y  main.o
    0x00000214   0x00000214   0x00000010   Code   RO           18    GETHUMANMIDPOINT_X  main.o
    0x00000224   0x00000224   0x00000010   Code   RO           16    GETHUMANMIDPOINT_Y  main.o
    0x00000234   0x00000234   0x0000000e   Code   RO           12    GETRIGHTCORNER      main.o
    0x00000242   0x00000242   0x00000002   PAD
    0x00000244   0x00000244   0x00000008   Code   RO            9    MOVEOBJECT_X        main.o
    0x0000024c   0x0000024c   0x00000008   Code   RO            8    MOVEOBJECT_Y        main.o
    0x00000254   0x00000254   0x0000000c   Code   RO           22    REFRESH_LCD         main.o
    0x00000260   0x00000260   0x00000040   Code   RO           14    RESET_POSITION      main.o
    0x000002a0   0x000002a0   0x00000014   Code   RO            4    RSTHNDLR            main.o
    0x000002b4   0x000002b4   0x00000014   Code   RO           13    SCREENCHECK         main.o
    0x000002c8   0x000002c8   0x0000007c   Code   RO            5    button              main.o
    0x00000344   0x00000344   0x00000078   Code   RO            6  * main                main.o
    0x000003bc   0x000003bc   0x00000bb8   Data   RO           87    .rodata.brick       brick_image.o
    0x00000f74   0x00000f74   0x00000fa0   Data   RO           93    .rodata.human       human_image.o


    Execution Region RW_IRAM1 (Exec base: 0x20000000, Load base: 0x00001f18, Size: 0x00000440, Max: 0x00020000, ABSOLUTE)

    Exec Addr    Load Addr    Size         Type   Attr      Idx    E Section Name        Object

    0x20000000   0x00001f18   0x0000003c   Data   RW            3    GAMEDATA            main.o
    0x2000003c   0x00001f54   0x00000004   PAD
    0x20000040        -       0x00000400   Zero   RW            1    STACK               main.o


==============================================================================

Image component sizes


      Code (inc. data)   RO Data    RW Data    ZI Data      Debug   Object Name

         0          0       3000          0          0        375   brick_image.o
         0          0       4000          0          0        379   human_image.o
       886        134         68         60       1024       6280   main.o

    ----------------------------------------------------------------------
       888        134       7068         60       1028       7034   Object Totals
         0          0          0          0          0          0   (incl. Generated)
         2          0          0          0          4          0   (incl. Padding)

    ----------------------------------------------------------------------
         0          0          0          0          0          0   Library Totals
         0          0          0          0          0          0   (incl. Padding)

    ----------------------------------------------------------------------

==============================================================================


      Code (inc. data)   RO Data    RW Data    ZI Data      Debug   

       888        134       7068         60       1028       6046   Grand Totals
       888        134       7068         60       1028       6046   ELF Image Totals
       888        134       7068         60          0          0   ROM Totals

==============================================================================

    Total RO  Size (Code + RO Data)                 7956 (   7.77kB)
    Total RW  Size (RW Data + ZI Data)              1088 (   1.06kB)
    Total ROM Size (Code + RO Data + RW Data)       8016 (   7.83kB)

==============================================================================

